REANN Package used for fitting energy and tensorial Property
2025-11-20-16_33_27 
Epoch=    0 learning rate   1.000000e-03  train error:   16.80732    1.10950 test error:   32.42265    1.81800 
Epoch=    5 learning rate   1.000000e-03  train error:    9.92456    0.47669 test error:    9.33738    0.58303 
Epoch=   10 learning rate   1.000000e-03  train error:    7.54331    0.41993 test error:    7.15565    0.38999 
Epoch=   15 learning rate   1.000000e-03  train error:    5.97260    0.38989 test error:    5.34578    0.36770 
Epoch=   20 learning rate   1.000000e-03  train error:    5.49236    0.38011 test error:    4.53715    0.35208 
Epoch=   25 learning rate   1.000000e-03  train error:    5.00944    0.37294 test error:    4.20430    0.34333 
Epoch=   30 learning rate   1.000000e-03  train error:    4.35363    0.34994 test error:    3.63130    0.33150 
Epoch=   35 learning rate   1.000000e-03  train error:    4.02618    0.34098 test error:    3.25171    0.32249 
Epoch=   40 learning rate   1.000000e-03  train error:    3.85466    0.33241 test error:    3.06941    0.31524 
Epoch=   45 learning rate   1.000000e-03  train error:    3.76080    0.32859 test error:    2.96552    0.30947 
Epoch=   50 learning rate   1.000000e-03  train error:    3.58008    0.31969 test error:    2.87438    0.30371 
Epoch=   55 learning rate   1.000000e-03  train error:    3.81996    0.32121 test error:    2.80414    0.29994 
Epoch=   60 learning rate   1.000000e-03  train error:    3.96828    0.32234 test error:    2.87897    0.29661 
Epoch=   65 learning rate   1.000000e-03  train error:    3.40195    0.31262 test error:    2.69012    0.29337 
Epoch=   70 learning rate   1.000000e-03  train error:    3.23604    0.30800 test error:    2.82796    0.29202 
Epoch=   75 learning rate   1.000000e-03  train error:    3.41045    0.30600 test error:    2.62955    0.28836 
Epoch=   80 learning rate   1.000000e-03  train error:    3.24532    0.30440 test error:    2.60814    0.28572 
Epoch=   85 learning rate   1.000000e-03  train error:    3.16480    0.29588 test error:    2.56757    0.28354 
Epoch=   90 learning rate   1.000000e-03  train error:    3.47796    0.30332 test error:    2.55826    0.28233 
Epoch=   95 learning rate   1.000000e-03  train error:    3.16588    0.29391 test error:    2.47200    0.27992 
Epoch=  100 learning rate   1.000000e-03  train error:    3.01630    0.29208 test error:    2.41904    0.27845 
Epoch=  105 learning rate   1.000000e-03  train error:    2.95003    0.28882 test error:    2.41364    0.27702 
Epoch=  110 learning rate   1.000000e-03  train error:    3.09434    0.28902 test error:    2.35303    0.27541 
Epoch=  115 learning rate   1.000000e-03  train error:    2.86176    0.28673 test error:    2.32684    0.27410 
Epoch=  120 learning rate   1.000000e-03  train error:    2.88036    0.28569 test error:    2.29082    0.27335 
Epoch=  125 learning rate   1.000000e-03  train error:    2.84944    0.28382 test error:    2.27447    0.27219 
Epoch=  130 learning rate   1.000000e-03  train error:    2.79959    0.28269 test error:    2.25578    0.27134 
Epoch=  135 learning rate   1.000000e-03  train error:    2.86032    0.28168 test error:    2.25799    0.27040 
Epoch=  140 learning rate   1.000000e-03  train error:    2.77003    0.28196 test error:    2.22777    0.26979 
Epoch=  145 learning rate   1.000000e-03  train error:    2.80044    0.27866 test error:    2.23696    0.26878 
Epoch=  150 learning rate   1.000000e-03  train error:    2.83609    0.27988 test error:    2.21475    0.26785 
Epoch=  155 learning rate   1.000000e-03  train error:    2.77340    0.27851 test error:    2.24025    0.26888 
Epoch=  160 learning rate   1.000000e-03  train error:    2.78635    0.27830 test error:    2.16773    0.26687 
Epoch=  165 learning rate   1.000000e-03  train error:    2.70122    0.27527 test error:    2.17493    0.26581 
Epoch=  170 learning rate   1.000000e-03  train error:    2.70249    0.27381 test error:    2.17877    0.26532 
Epoch=  175 learning rate   1.000000e-03  train error:    2.79790    0.27510 test error:    2.18113    0.26486 
Epoch=  180 learning rate   1.000000e-03  train error:    2.60114    0.27134 test error:    2.12809    0.26436 
Epoch=  185 learning rate   1.000000e-03  train error:    2.76850    0.27490 test error:    2.14149    0.26377 
Epoch=  190 learning rate   1.000000e-03  train error:    2.65723    0.27125 test error:    2.11518    0.26317 
Epoch=  195 learning rate   1.000000e-03  train error:    2.56885    0.26992 test error:    2.07251    0.26270 
Epoch=  200 learning rate   1.000000e-03  train error:    2.70833    0.27080 test error:    2.06810    0.26235 
Epoch=  205 learning rate   1.000000e-03  train error:    2.59473    0.26815 test error:    2.08458    0.26186 
Epoch=  210 learning rate   1.000000e-03  train error:    2.63428    0.26800 test error:    2.08174    0.26169 
Epoch=  215 learning rate   1.000000e-03  train error:    2.60051    0.26979 test error:    2.09670    0.26155 
Epoch=  220 learning rate   1.000000e-03  train error:    2.58112    0.26654 test error:    2.06990    0.26134 
Epoch=  225 learning rate   1.000000e-03  train error:    2.60263    0.26412 test error:    2.02332    0.26076 
Epoch=  230 learning rate   1.000000e-03  train error:    2.45035    0.26389 test error:    2.02539    0.26029 
Epoch=  235 learning rate   1.000000e-03  train error:    2.43918    0.26269 test error:    2.07977    0.26032 
Epoch=  240 learning rate   1.000000e-03  train error:    2.51497    0.26345 test error:    2.01452    0.25981 
Epoch=  245 learning rate   1.000000e-03  train error:    2.56173    0.26518 test error:    2.02824    0.25952 
Epoch=  250 learning rate   1.000000e-03  train error:    2.51949    0.26387 test error:    2.04180    0.25931 
Epoch=  255 learning rate   1.000000e-03  train error:    2.59599    0.26188 test error:    2.02400    0.25905 
Epoch=  260 learning rate   1.000000e-03  train error:    3.25408    0.28293 test error:    2.27527    0.26349 
Epoch=  265 learning rate   1.000000e-03  train error:    2.41766    0.25950 test error:    2.03465    0.25898 
Epoch=  270 learning rate   1.000000e-03  train error:    2.40134    0.25947 test error:    2.01137    0.25841 
Epoch=  275 learning rate   1.000000e-03  train error:    2.47157    0.26138 test error:    1.99557    0.25827 
Epoch=  280 learning rate   1.000000e-03  train error:    2.50148    0.25961 test error:    1.99615    0.25802 
Epoch=  285 learning rate   1.000000e-03  train error:    2.49120    0.26055 test error:    1.99435    0.25778 
Epoch=  290 learning rate   1.000000e-03  train error:    2.39900    0.25821 test error:    1.97648    0.25758 
Epoch=  295 learning rate   1.000000e-03  train error:    2.53613    0.25837 test error:    1.96447    0.25731 
Epoch=  300 learning rate   1.000000e-03  train error:    2.45059    0.25741 test error:    1.95798    0.25731 
Epoch=  305 learning rate   1.000000e-03  train error:    2.67673    0.26305 test error:    1.97481    0.25715 
Epoch=  310 learning rate   1.000000e-03  train error:    2.48455    0.25664 test error:    1.94606    0.25672 
Epoch=  315 learning rate   1.000000e-03  train error:    2.43500    0.25468 test error:    1.95391    0.25665 
Epoch=  320 learning rate   1.000000e-03  train error:    2.50291    0.25587 test error:    1.93480    0.25644 
Epoch=  325 learning rate   1.000000e-03  train error:    2.43095    0.25451 test error:    1.95209    0.25647 
Epoch=  330 learning rate   1.000000e-03  train error:    2.44143    0.25476 test error:    1.94690    0.25619 
Epoch=  335 learning rate   1.000000e-03  train error:    2.42142    0.25558 test error:    1.94272    0.25625 
Epoch=  340 learning rate   1.000000e-03  train error:    2.41775    0.25400 test error:    1.94668    0.25597 
Epoch=  345 learning rate   1.000000e-03  train error:    2.47707    0.25523 test error:    1.94955    0.25576 
Epoch=  350 learning rate   1.000000e-03  train error:    2.41303    0.25431 test error:    1.93794    0.25581 
Epoch=  355 learning rate   1.000000e-03  train error:    2.48132    0.25360 test error:    1.94386    0.25566 
Epoch=  360 learning rate   1.000000e-03  train error:    2.39620    0.25307 test error:    1.92869    0.25543 
Epoch=  365 learning rate   1.000000e-03  train error:    2.54415    0.25399 test error:    1.94405    0.25553 
Epoch=  370 learning rate   1.000000e-03  train error:    2.40535    0.25205 test error:    1.91763    0.25539 
Epoch=  375 learning rate   5.000000e-04  train error:    1.91685    0.24107 test error:    1.77716    0.25554 
Epoch=  380 learning rate   5.000000e-04  train error:    1.94794    0.24202 test error:    1.73321    0.25512 
Epoch=  385 learning rate   5.000000e-04  train error:    1.93642    0.24152 test error:    1.72264    0.25500 
Epoch=  390 learning rate   5.000000e-04  train error:    1.96753    0.24109 test error:    1.71280    0.25479 
Epoch=  395 learning rate   5.000000e-04  train error:    1.95157    0.24096 test error:    1.70624    0.25475 
Epoch=  400 learning rate   5.000000e-04  train error:    1.91004    0.24077 test error:    1.69153    0.25471 
Epoch=  405 learning rate   5.000000e-04  train error:    1.88455    0.24021 test error:    1.67800    0.25461 
Epoch=  410 learning rate   5.000000e-04  train error:    1.93094    0.23990 test error:    1.68162    0.25441 
Epoch=  415 learning rate   5.000000e-04  train error:    1.97683    0.23976 test error:    1.68174    0.25448 
Epoch=  420 learning rate   5.000000e-04  train error:    1.92458    0.23956 test error:    1.67275    0.25442 
Epoch=  425 learning rate   5.000000e-04  train error:    1.92282    0.23949 test error:    1.66060    0.25418 
Epoch=  430 learning rate   5.000000e-04  train error:    1.88063    0.23910 test error:    1.66699    0.25423 
Epoch=  435 learning rate   5.000000e-04  train error:    1.91236    0.23921 test error:    1.65742    0.25423 
Epoch=  440 learning rate   5.000000e-04  train error:    1.86097    0.23844 test error:    1.64278    0.25406 
Epoch=  445 learning rate   5.000000e-04  train error:    1.91335    0.23889 test error:    1.65220    0.25408 
Epoch=  450 learning rate   5.000000e-04  train error:    1.90061    0.23848 test error:    1.64682    0.25396 
Epoch=  455 learning rate   5.000000e-04  train error:    1.87374    0.23818 test error:    1.63825    0.25404 
Epoch=  460 learning rate   5.000000e-04  train error:    1.87872    0.23797 test error:    1.63586    0.25410 
Epoch=  465 learning rate   5.000000e-04  train error:    1.85103    0.23813 test error:    1.62717    0.25413 
Epoch=  470 learning rate   5.000000e-04  train error:    1.86929    0.23753 test error:    1.63113    0.25412 
Epoch=  475 learning rate   5.000000e-04  train error:    1.85409    0.23759 test error:    1.62632    0.25414 
Epoch=  480 learning rate   5.000000e-04  train error:    1.84503    0.23676 test error:    1.62667    0.25404 
Epoch=  485 learning rate   5.000000e-04  train error:    1.90498    0.23668 test error:    1.63729    0.25398 
Epoch=  490 learning rate   5.000000e-04  train error:    1.88668    0.23707 test error:    1.63045    0.25411 
Epoch=  495 learning rate   2.500000e-04  train error:    1.57989    0.23196 test error:    1.49857    0.25475 
Epoch=  500 learning rate   2.500000e-04  train error:    1.57916    0.23216 test error:    1.45992    0.25477 
Epoch=  505 learning rate   2.500000e-04  train error:    1.55225    0.23198 test error:    1.44785    0.25480 
Epoch=  510 learning rate   2.500000e-04  train error:    1.55895    0.23172 test error:    1.43568    0.25482 
Epoch=  515 learning rate   2.500000e-04  train error:    1.55491    0.23154 test error:    1.43111    0.25484 
Epoch=  520 learning rate   2.500000e-04  train error:    1.55031    0.23142 test error:    1.42420    0.25482 
Epoch=  525 learning rate   2.500000e-04  train error:    1.54288    0.23131 test error:    1.41538    0.25488 
Epoch=  530 learning rate   2.500000e-04  train error:    1.56480    0.23115 test error:    1.41326    0.25488 
Epoch=  535 learning rate   2.500000e-04  train error:    1.54018    0.23115 test error:    1.40782    0.25486 
Epoch=  540 learning rate   2.500000e-04  train error:    1.55048    0.23094 test error:    1.41050    0.25494 
Epoch=  545 learning rate   2.500000e-04  train error:    1.51759    0.23079 test error:    1.40064    0.25490 
Epoch=  550 learning rate   2.500000e-04  train error:    1.54031    0.23082 test error:    1.40281    0.25487 
Epoch=  555 learning rate   2.500000e-04  train error:    1.52662    0.23045 test error:    1.39618    0.25489 
Epoch=  560 learning rate   2.500000e-04  train error:    1.54814    0.23064 test error:    1.39286    0.25491 
Epoch=  565 learning rate   2.500000e-04  train error:    1.51904    0.23025 test error:    1.39510    0.25507 
Epoch=  570 learning rate   2.500000e-04  train error:    1.50897    0.23035 test error:    1.38593    0.25499 
Epoch=  575 learning rate   2.500000e-04  train error:    1.48539    0.23017 test error:    1.38275    0.25497 
Epoch=  580 learning rate   2.500000e-04  train error:    1.51901    0.22997 test error:    1.37747    0.25510 
Epoch=  585 learning rate   2.500000e-04  train error:    1.50560    0.22987 test error:    1.37338    0.25496 
Epoch=  590 learning rate   2.500000e-04  train error:    1.52280    0.22971 test error:    1.37744    0.25497 
Epoch=  595 learning rate   2.500000e-04  train error:    1.53316    0.22968 test error:    1.37778    0.25501 
Epoch=  600 learning rate   2.500000e-04  train error:    1.52260    0.22958 test error:    1.37263    0.25496 
Epoch=  605 learning rate   2.500000e-04  train error:    1.49471    0.22955 test error:    1.36886    0.25500 
Epoch=  610 learning rate   2.500000e-04  train error:    1.52258    0.22971 test error:    1.37223    0.25501 
Epoch=  615 learning rate   2.500000e-04  train error:    1.49821    0.22932 test error:    1.36994    0.25510 
Epoch=  620 learning rate   2.500000e-04  train error:    1.49545    0.22929 test error:    1.36216    0.25508 
Epoch=  625 learning rate   2.500000e-04  train error:    1.50608    0.22903 test error:    1.35989    0.25519 
Epoch=  630 learning rate   2.500000e-04  train error:    1.49339    0.22912 test error:    1.37029    0.25524 
Epoch=  635 learning rate   2.500000e-04  train error:    1.51762    0.22897 test error:    1.37478    0.25518 
Epoch=  640 learning rate   2.500000e-04  train error:    1.50408    0.22879 test error:    1.36044    0.25512 
Epoch=  645 learning rate   2.500000e-04  train error:    1.49761    0.22881 test error:    1.36510    0.25511 
Epoch=  650 learning rate   2.500000e-04  train error:    1.49148    0.22884 test error:    1.35979    0.25529 
Epoch=  655 learning rate   2.500000e-04  train error:    1.49213    0.22854 test error:    1.35414    0.25528 
Epoch=  660 learning rate   2.500000e-04  train error:    1.48065    0.22839 test error:    1.35078    0.25522 
Epoch=  665 learning rate   2.500000e-04  train error:    1.49942    0.22828 test error:    1.35382    0.25532 
Epoch=  670 learning rate   2.500000e-04  train error:    1.47277    0.22815 test error:    1.35221    0.25531 
Epoch=  675 learning rate   2.500000e-04  train error:    1.47464    0.22818 test error:    1.36253    0.25533 
Epoch=  680 learning rate   2.500000e-04  train error:    1.47799    0.22795 test error:    1.35337    0.25532 
Epoch=  685 learning rate   2.500000e-04  train error:    1.50795    0.22810 test error:    1.34547    0.25529 
Epoch=  690 learning rate   2.500000e-04  train error:    1.47991    0.22772 test error:    1.34159    0.25543 
Epoch=  695 learning rate   2.500000e-04  train error:    1.47652    0.22813 test error:    1.34512    0.25547 
Epoch=  700 learning rate   2.500000e-04  train error:    1.49082    0.22773 test error:    1.34159    0.25551 
Epoch=  705 learning rate   2.500000e-04  train error:    1.49349    0.22767 test error:    1.34204    0.25546 
Epoch=  710 learning rate   2.500000e-04  train error:    1.47404    0.22773 test error:    1.33644    0.25546 
Epoch=  715 learning rate   2.500000e-04  train error:    1.49780    0.22770 test error:    1.33800    0.25541 
Epoch=  720 learning rate   2.500000e-04  train error:    1.47775    0.22731 test error:    1.33795    0.25551 
Epoch=  725 learning rate   2.500000e-04  train error:    1.46739    0.22764 test error:    1.33426    0.25538 
Epoch=  730 learning rate   2.500000e-04  train error:    1.49385    0.22757 test error:    1.33362    0.25558 
Epoch=  735 learning rate   2.500000e-04  train error:    1.45769    0.22724 test error:    1.32672    0.25560 
Epoch=  740 learning rate   2.500000e-04  train error:    1.47463    0.22716 test error:    1.33182    0.25564 
Epoch=  745 learning rate   2.500000e-04  train error:    1.45313    0.22698 test error:    1.32836    0.25569 
Epoch=  750 learning rate   2.500000e-04  train error:    1.48201    0.22718 test error:    1.32557    0.25559 
Epoch=  755 learning rate   2.500000e-04  train error:    1.45432    0.22687 test error:    1.32832    0.25558 
Epoch=  760 learning rate   2.500000e-04  train error:    1.46834    0.22689 test error:    1.32474    0.25565 
Epoch=  765 learning rate   2.500000e-04  train error:    1.45011    0.22684 test error:    1.32120    0.25572 
Epoch=  770 learning rate   2.500000e-04  train error:    1.47017    0.22658 test error:    1.32358    0.25569 
Epoch=  775 learning rate   2.500000e-04  train error:    1.44535    0.22664 test error:    1.32423    0.25553 
Epoch=  780 learning rate   2.500000e-04  train error:    1.46302    0.22648 test error:    1.31956    0.25578 
Epoch=  785 learning rate   2.500000e-04  train error:    1.47474    0.22632 test error:    1.32561    0.25574 
Epoch=  790 learning rate   2.500000e-04  train error:    1.47657    0.22637 test error:    1.32329    0.25578 
Epoch=  795 learning rate   2.500000e-04  train error:    1.45512    0.22622 test error:    1.31903    0.25600 
Epoch=  800 learning rate   2.500000e-04  train error:    1.45068    0.22625 test error:    1.31386    0.25589 
Epoch=  805 learning rate   2.500000e-04  train error:    1.46927    0.22649 test error:    1.31602    0.25585 
Epoch=  810 learning rate   2.500000e-04  train error:    1.45250    0.22653 test error:    1.31328    0.25608 
Epoch=  815 learning rate   2.500000e-04  train error:    1.44869    0.22579 test error:    1.31356    0.25610 
Epoch=  820 learning rate   2.500000e-04  train error:    1.46831    0.22594 test error:    1.31243    0.25619 
Epoch=  825 learning rate   2.500000e-04  train error:    1.42512    0.22600 test error:    1.30756    0.25626 
Epoch=  830 learning rate   2.500000e-04  train error:    1.46116    0.22570 test error:    1.31178    0.25630 
Epoch=  835 learning rate   2.500000e-04  train error:    1.44901    0.22565 test error:    1.31227    0.25640 
Epoch=  840 learning rate   2.500000e-04  train error:    1.45338    0.22561 test error:    1.30861    0.25644 
Epoch=  845 learning rate   2.500000e-04  train error:    1.43481    0.22568 test error:    1.30195    0.25636 
Epoch=  850 learning rate   2.500000e-04  train error:    1.45549    0.22536 test error:    1.31052    0.25642 
Epoch=  855 learning rate   2.500000e-04  train error:    1.46226    0.22574 test error:    1.30890    0.25626 
Epoch=  860 learning rate   2.500000e-04  train error:    1.45508    0.22535 test error:    1.30357    0.25660 
Epoch=  865 learning rate   2.500000e-04  train error:    1.42442    0.22526 test error:    1.29868    0.25652 
Epoch=  870 learning rate   2.500000e-04  train error:    1.44393    0.22518 test error:    1.30225    0.25659 
Epoch=  875 learning rate   2.500000e-04  train error:    1.45396    0.22524 test error:    1.30602    0.25668 
Epoch=  880 learning rate   2.500000e-04  train error:    1.44286    0.22508 test error:    1.30162    0.25661 
Epoch=  885 learning rate   2.500000e-04  train error:    1.45069    0.22509 test error:    1.30181    0.25677 
Epoch=  890 learning rate   2.500000e-04  train error:    1.44432    0.22483 test error:    1.29454    0.25678 
Epoch=  895 learning rate   2.500000e-04  train error:    1.45479    0.22506 test error:    1.29499    0.25698 
Epoch=  900 learning rate   2.500000e-04  train error:    1.45163    0.22518 test error:    1.29908    0.25692 
Epoch=  905 learning rate   2.500000e-04  train error:    1.45950    0.22472 test error:    1.29771    0.25684 
Epoch=  910 learning rate   2.500000e-04  train error:    1.42753    0.22466 test error:    1.29491    0.25704 
Epoch=  915 learning rate   2.500000e-04  train error:    1.45167    0.22446 test error:    1.29629    0.25713 
Epoch=  920 learning rate   2.500000e-04  train error:    1.44490    0.22447 test error:    1.29516    0.25741 
Epoch=  925 learning rate   2.500000e-04  train error:    1.44488    0.22446 test error:    1.29864    0.25726 
Epoch=  930 learning rate   2.500000e-04  train error:    1.41022    0.22453 test error:    1.28800    0.25731 
Epoch=  935 learning rate   2.500000e-04  train error:    1.43428    0.22436 test error:    1.29516    0.25719 
Epoch=  940 learning rate   2.500000e-04  train error:    1.40871    0.22431 test error:    1.28809    0.25752 
Epoch=  945 learning rate   2.500000e-04  train error:    1.43093    0.22428 test error:    1.28997    0.25735 
Epoch=  950 learning rate   2.500000e-04  train error:    1.45884    0.22431 test error:    1.29567    0.25745 
Epoch=  955 learning rate   2.500000e-04  train error:    1.42075    0.22411 test error:    1.28514    0.25753 
Epoch=  960 learning rate   2.500000e-04  train error:    1.43040    0.22415 test error:    1.28592    0.25737 
Epoch=  965 learning rate   2.500000e-04  train error:    1.41359    0.22421 test error:    1.28769    0.25746 
Epoch=  970 learning rate   2.500000e-04  train error:    1.44214    0.22428 test error:    1.28786    0.25738 
Epoch=  975 learning rate   2.500000e-04  train error:    1.44187    0.22381 test error:    1.28409    0.25751 
Epoch=  980 learning rate   2.500000e-04  train error:    1.40852    0.22351 test error:    1.27953    0.25762 
Epoch=  985 learning rate   2.500000e-04  train error:    1.46812    0.22376 test error:    1.28801    0.25753 
Epoch=  990 learning rate   2.500000e-04  train error:    1.45203    0.22378 test error:    1.27939    0.25796 
Epoch=  995 learning rate   2.500000e-04  train error:    1.42983    0.22390 test error:    1.27683    0.25786 
Epoch= 1000 learning rate   2.500000e-04  train error:    1.41800    0.22361 test error:    1.27948    0.25769 
Epoch= 1005 learning rate   2.500000e-04  train error:    1.43869    0.22344 test error:    1.27747    0.25772 
Epoch= 1010 learning rate   2.500000e-04  train error:    1.42192    0.22333 test error:    1.27873    0.25796 
Epoch= 1015 learning rate   2.500000e-04  train error:    1.43911    0.22341 test error:    1.28237    0.25784 
Epoch= 1020 learning rate   2.500000e-04  train error:    1.43353    0.22332 test error:    1.27463    0.25800 
Epoch= 1025 learning rate   2.500000e-04  train error:    1.42310    0.22349 test error:    1.26909    0.25798 
Epoch= 1030 learning rate   2.500000e-04  train error:    1.43211    0.22337 test error:    1.26706    0.25779 
Epoch= 1035 learning rate   2.500000e-04  train error:    1.42091    0.22334 test error:    1.27665    0.25807 
Epoch= 1040 learning rate   2.500000e-04  train error:    1.41647    0.22329 test error:    1.27556    0.25812 
Epoch= 1045 learning rate   2.500000e-04  train error:    1.39775    0.22316 test error:    1.26957    0.25817 
Epoch= 1050 learning rate   2.500000e-04  train error:    1.42555    0.22304 test error:    1.27141    0.25857 
Epoch= 1055 learning rate   2.500000e-04  train error:    1.47318    0.22300 test error:    1.26814    0.25828 
Epoch= 1060 learning rate   2.500000e-04  train error:    1.40965    0.22281 test error:    1.27431    0.25823 
Epoch= 1065 learning rate   2.500000e-04  train error:    1.41739    0.22305 test error:    1.26443    0.25864 
Epoch= 1070 learning rate   2.500000e-04  train error:    1.43558    0.22288 test error:    1.26911    0.25833 
Epoch= 1075 learning rate   2.500000e-04  train error:    1.42106    0.22273 test error:    1.26775    0.25834 
Epoch= 1080 learning rate   2.500000e-04  train error:    1.42603    0.22306 test error:    1.26757    0.25826 
Epoch= 1085 learning rate   2.500000e-04  train error:    1.43516    0.22273 test error:    1.26459    0.25865 
Epoch= 1090 learning rate   2.500000e-04  train error:    1.42569    0.22271 test error:    1.27347    0.25855 
Epoch= 1095 learning rate   2.500000e-04  train error:    1.41367    0.22285 test error:    1.26465    0.25861 
Epoch= 1100 learning rate   2.500000e-04  train error:    1.41355    0.22259 test error:    1.26108    0.25833 
Epoch= 1105 learning rate   1.250000e-04  train error:    1.24720    0.21948 test error:    1.17992    0.25940 
Epoch= 1110 learning rate   1.250000e-04  train error:    1.24266    0.21966 test error:    1.16242    0.25962 
Epoch= 1115 learning rate   1.250000e-04  train error:    1.23306    0.21960 test error:    1.15081    0.25984 
Epoch= 1120 learning rate   1.250000e-04  train error:    1.22926    0.21970 test error:    1.14790    0.25997 
Epoch= 1125 learning rate   1.250000e-04  train error:    1.22025    0.21952 test error:    1.14137    0.26022 
Epoch= 1130 learning rate   1.250000e-04  train error:    1.20894    0.21949 test error:    1.13643    0.26030 
Epoch= 1135 learning rate   1.250000e-04  train error:    1.21738    0.21936 test error:    1.13198    0.26027 
Epoch= 1140 learning rate   1.250000e-04  train error:    1.22817    0.21942 test error:    1.13018    0.26036 
Epoch= 1145 learning rate   1.250000e-04  train error:    1.21128    0.21944 test error:    1.12923    0.26033 
Epoch= 1150 learning rate   1.250000e-04  train error:    1.21304    0.21930 test error:    1.12980    0.26035 
Epoch= 1155 learning rate   1.250000e-04  train error:    1.21075    0.21931 test error:    1.12675    0.26053 
Epoch= 1160 learning rate   1.250000e-04  train error:    1.19855    0.21923 test error:    1.12397    0.26041 
Epoch= 1165 learning rate   1.250000e-04  train error:    1.20179    0.21918 test error:    1.12179    0.26062 
Epoch= 1170 learning rate   1.250000e-04  train error:    1.20427    0.21916 test error:    1.12118    0.26073 
Epoch= 1175 learning rate   1.250000e-04  train error:    1.22682    0.21909 test error:    1.11717    0.26071 
Epoch= 1180 learning rate   1.250000e-04  train error:    1.20371    0.21916 test error:    1.12073    0.26065 
Epoch= 1185 learning rate   1.250000e-04  train error:    1.22229    0.21918 test error:    1.11720    0.26083 
Epoch= 1190 learning rate   1.250000e-04  train error:    1.19542    0.21912 test error:    1.11670    0.26096 
Epoch= 1195 learning rate   1.250000e-04  train error:    1.20900    0.21901 test error:    1.11125    0.26093 
Epoch= 1200 learning rate   1.250000e-04  train error:    1.19653    0.21892 test error:    1.11132    0.26094 
Epoch= 1205 learning rate   1.250000e-04  train error:    1.18687    0.21894 test error:    1.10998    0.26091 
Epoch= 1210 learning rate   1.250000e-04  train error:    1.19815    0.21890 test error:    1.10857    0.26093 
Epoch= 1215 learning rate   1.250000e-04  train error:    1.19752    0.21879 test error:    1.10934    0.26094 
Epoch= 1220 learning rate   1.250000e-04  train error:    1.20631    0.21891 test error:    1.10968    0.26097 
Epoch= 1225 learning rate   1.250000e-04  train error:    1.19726    0.21878 test error:    1.10844    0.26101 
Epoch= 1230 learning rate   1.250000e-04  train error:    1.19351    0.21874 test error:    1.10942    0.26111 
Epoch= 1235 learning rate   1.250000e-04  train error:    1.19757    0.21870 test error:    1.10458    0.26117 
Epoch= 1240 learning rate   1.250000e-04  train error:    1.18853    0.21869 test error:    1.10788    0.26110 
Epoch= 1245 learning rate   1.250000e-04  train error:    1.18914    0.21863 test error:    1.10601    0.26109 
Epoch= 1250 learning rate   1.250000e-04  train error:    1.18045    0.21857 test error:    1.10957    0.26113 
Epoch= 1255 learning rate   1.250000e-04  train error:    1.18386    0.21862 test error:    1.10254    0.26142 
Epoch= 1260 learning rate   1.250000e-04  train error:    1.18471    0.21851 test error:    1.10081    0.26141 
Epoch= 1265 learning rate   1.250000e-04  train error:    1.19487    0.21850 test error:    1.09799    0.26144 
Epoch= 1270 learning rate   1.250000e-04  train error:    1.18303    0.21847 test error:    1.10321    0.26167 
Epoch= 1275 learning rate   1.250000e-04  train error:    1.20000    0.21834 test error:    1.10202    0.26142 
Epoch= 1280 learning rate   1.250000e-04  train error:    1.18245    0.21841 test error:    1.09911    0.26152 
Epoch= 1285 learning rate   1.250000e-04  train error:    1.19184    0.21834 test error:    1.09499    0.26165 
Epoch= 1290 learning rate   1.250000e-04  train error:    1.19164    0.21840 test error:    1.09812    0.26144 
Epoch= 1295 learning rate   1.250000e-04  train error:    1.18893    0.21830 test error:    1.09829    0.26158 
Epoch= 1300 learning rate   1.250000e-04  train error:    1.19509    0.21828 test error:    1.09931    0.26167 
Epoch= 1305 learning rate   1.250000e-04  train error:    1.19241    0.21814 test error:    1.09562    0.26175 
Epoch= 1310 learning rate   1.250000e-04  train error:    1.18458    0.21830 test error:    1.09590    0.26152 
Epoch= 1315 learning rate   1.250000e-04  train error:    1.19537    0.21832 test error:    1.09411    0.26162 
Epoch= 1320 learning rate   1.250000e-04  train error:    1.18141    0.21807 test error:    1.09851    0.26180 
Epoch= 1325 learning rate   1.250000e-04  train error:    1.18892    0.21806 test error:    1.09332    0.26196 
Epoch= 1330 learning rate   1.250000e-04  train error:    1.18034    0.21806 test error:    1.09716    0.26175 
Epoch= 1335 learning rate   1.250000e-04  train error:    1.17791    0.21808 test error:    1.08986    0.26162 
Epoch= 1340 learning rate   1.250000e-04  train error:    1.18492    0.21812 test error:    1.09310    0.26184 
Epoch= 1345 learning rate   1.250000e-04  train error:    1.17925    0.21803 test error:    1.08994    0.26191 
Epoch= 1350 learning rate   1.250000e-04  train error:    1.17396    0.21789 test error:    1.09032    0.26203 
Epoch= 1355 learning rate   1.250000e-04  train error:    1.18083    0.21788 test error:    1.08785    0.26210 
Epoch= 1360 learning rate   1.250000e-04  train error:    1.17817    0.21791 test error:    1.09219    0.26206 
Epoch= 1365 learning rate   1.250000e-04  train error:    1.18548    0.21792 test error:    1.09127    0.26205 
Epoch= 1370 learning rate   1.250000e-04  train error:    1.18917    0.21779 test error:    1.08897    0.26209 
Epoch= 1375 learning rate   1.250000e-04  train error:    1.17601    0.21769 test error:    1.08980    0.26215 
Epoch= 1380 learning rate   1.250000e-04  train error:    1.17992    0.21785 test error:    1.08757    0.26208 
Epoch= 1385 learning rate   1.250000e-04  train error:    1.18948    0.21765 test error:    1.08671    0.26220 
Epoch= 1390 learning rate   1.250000e-04  train error:    1.18203    0.21775 test error:    1.08452    0.26211 
Epoch= 1395 learning rate   1.250000e-04  train error:    1.17483    0.21764 test error:    1.08880    0.26219 
Epoch= 1400 learning rate   1.250000e-04  train error:    1.17569    0.21762 test error:    1.08673    0.26229 
Epoch= 1405 learning rate   6.250000e-05  train error:    1.08028    0.21609 test error:    1.03131    0.26292 
Epoch= 1410 learning rate   6.250000e-05  train error:    1.07703    0.21623 test error:    1.01939    0.26303 
Epoch= 1415 learning rate   6.250000e-05  train error:    1.06511    0.21620 test error:    1.00893    0.26316 
Epoch= 1420 learning rate   6.250000e-05  train error:    1.06693    0.21619 test error:    1.00335    0.26323 
Epoch= 1425 learning rate   6.250000e-05  train error:    1.06412    0.21615 test error:    1.00025    0.26330 
Epoch= 1430 learning rate   6.250000e-05  train error:    1.06875    0.21616 test error:    0.99623    0.26337 
Epoch= 1435 learning rate   6.250000e-05  train error:    1.06227    0.21607 test error:    0.99663    0.26342 
Epoch= 1440 learning rate   6.250000e-05  train error:    1.06790    0.21608 test error:    0.99377    0.26331 
Epoch= 1445 learning rate   6.250000e-05  train error:    1.06212    0.21607 test error:    0.99550    0.26349 
Epoch= 1450 learning rate   6.250000e-05  train error:    1.05196    0.21602 test error:    0.99441    0.26360 
Epoch= 1455 learning rate   6.250000e-05  train error:    1.05769    0.21603 test error:    0.99207    0.26361 
Epoch= 1460 learning rate   6.250000e-05  train error:    1.05519    0.21600 test error:    0.99027    0.26363 
Epoch= 1465 learning rate   6.250000e-05  train error:    1.05691    0.21600 test error:    0.99060    0.26365 
Epoch= 1470 learning rate   6.250000e-05  train error:    1.06055    0.21595 test error:    0.99090    0.26371 
Epoch= 1475 learning rate   6.250000e-05  train error:    1.05505    0.21596 test error:    0.98840    0.26369 
Epoch= 1480 learning rate   6.250000e-05  train error:    1.05044    0.21592 test error:    0.98633    0.26362 
Epoch= 1485 learning rate   6.250000e-05  train error:    1.05578    0.21592 test error:    0.98506    0.26368 
Epoch= 1490 learning rate   6.250000e-05  train error:    1.05403    0.21585 test error:    0.98628    0.26389 
Epoch= 1495 learning rate   6.250000e-05  train error:    1.05341    0.21586 test error:    0.98653    0.26387 
Epoch= 1500 learning rate   6.250000e-05  train error:    1.04538    0.21586 test error:    0.98510    0.26388 
Epoch= 1505 learning rate   6.250000e-05  train error:    1.05279    0.21586 test error:    0.98304    0.26389 
Epoch= 1510 learning rate   6.250000e-05  train error:    1.05218    0.21584 test error:    0.98144    0.26398 
Epoch= 1515 learning rate   6.250000e-05  train error:    1.04927    0.21577 test error:    0.98624    0.26390 
Epoch= 1520 learning rate   6.250000e-05  train error:    1.04734    0.21577 test error:    0.98077    0.26400 
Epoch= 1525 learning rate   6.250000e-05  train error:    1.05351    0.21574 test error:    0.98119    0.26400 
Epoch= 1530 learning rate   6.250000e-05  train error:    1.05421    0.21570 test error:    0.97993    0.26411 
Epoch= 1535 learning rate   6.250000e-05  train error:    1.04899    0.21574 test error:    0.97954    0.26414 
Epoch= 1540 learning rate   6.250000e-05  train error:    1.04676    0.21574 test error:    0.98195    0.26417 
Epoch= 1545 learning rate   6.250000e-05  train error:    1.04812    0.21568 test error:    0.97869    0.26423 
Epoch= 1550 learning rate   6.250000e-05  train error:    1.04600    0.21565 test error:    0.97579    0.26423 
Epoch= 1555 learning rate   6.250000e-05  train error:    1.04665    0.21564 test error:    0.97596    0.26423 
Epoch= 1560 learning rate   6.250000e-05  train error:    1.04380    0.21563 test error:    0.97908    0.26431 
Epoch= 1565 learning rate   6.250000e-05  train error:    1.04839    0.21555 test error:    0.97704    0.26423 
Epoch= 1570 learning rate   6.250000e-05  train error:    1.04563    0.21560 test error:    0.97766    0.26437 
Epoch= 1575 learning rate   6.250000e-05  train error:    1.04002    0.21555 test error:    0.97747    0.26439 
Epoch= 1580 learning rate   6.250000e-05  train error:    1.04306    0.21554 test error:    0.97593    0.26435 
Epoch= 1585 learning rate   6.250000e-05  train error:    1.04173    0.21557 test error:    0.98631    0.26450 
Epoch= 1590 learning rate   6.250000e-05  train error:    1.04205    0.21550 test error:    0.97486    0.26444 
Epoch= 1595 learning rate   6.250000e-05  train error:    1.03726    0.21551 test error:    0.97519    0.26455 
Epoch= 1600 learning rate   6.250000e-05  train error:    1.04022    0.21548 test error:    0.97718    0.26454 
Epoch= 1605 learning rate   6.250000e-05  train error:    1.04690    0.21547 test error:    0.97400    0.26454 
Epoch= 1610 learning rate   6.250000e-05  train error:    1.04836    0.21541 test error:    0.98116    0.26455 
Epoch= 1615 learning rate   6.250000e-05  train error:    1.04797    0.21539 test error:    0.98157    0.26465 
Epoch= 1620 learning rate   3.125000e-05  train error:    0.98844    0.21471 test error:    0.93583    0.26507 
Epoch= 1625 learning rate   3.125000e-05  train error:    0.98571    0.21477 test error:    0.92767    0.26509 
Epoch= 1630 learning rate   3.125000e-05  train error:    0.98042    0.21473 test error:    0.92351    0.26516 
Epoch= 1635 learning rate   3.125000e-05  train error:    0.98053    0.21470 test error:    0.91968    0.26520 
Epoch= 1640 learning rate   3.125000e-05  train error:    0.97714    0.21472 test error:    0.92188    0.26521 
Epoch= 1645 learning rate   3.125000e-05  train error:    0.97580    0.21472 test error:    0.91969    0.26525 
Epoch= 1650 learning rate   3.125000e-05  train error:    0.97687    0.21469 test error:    0.91695    0.26531 
Epoch= 1655 learning rate   3.125000e-05  train error:    0.97155    0.21469 test error:    0.91353    0.26537 
Epoch= 1660 learning rate   3.125000e-05  train error:    0.97414    0.21468 test error:    0.91686    0.26538 
Epoch= 1665 learning rate   3.125000e-05  train error:    0.97299    0.21466 test error:    0.91396    0.26536 
Epoch= 1670 learning rate   3.125000e-05  train error:    0.97335    0.21467 test error:    0.91217    0.26538 
Epoch= 1675 learning rate   3.125000e-05  train error:    0.97260    0.21465 test error:    0.91155    0.26544 
Epoch= 1680 learning rate   3.125000e-05  train error:    0.97125    0.21464 test error:    0.91536    0.26551 
Epoch= 1685 learning rate   3.125000e-05  train error:    0.97312    0.21462 test error:    0.91161    0.26545 
Epoch= 1690 learning rate   3.125000e-05  train error:    0.97104    0.21462 test error:    0.91241    0.26545 
Epoch= 1695 learning rate   3.125000e-05  train error:    0.96730    0.21459 test error:    0.90941    0.26556 
Epoch= 1700 learning rate   3.125000e-05  train error:    0.96573    0.21457 test error:    0.90763    0.26561 
Epoch= 1705 learning rate   3.125000e-05  train error:    0.96541    0.21457 test error:    0.90571    0.26565 
Epoch= 1710 learning rate   3.125000e-05  train error:    0.96720    0.21457 test error:    0.90563    0.26556 
Epoch= 1715 learning rate   3.125000e-05  train error:    0.96861    0.21457 test error:    0.90615    0.26564 
Epoch= 1720 learning rate   3.125000e-05  train error:    0.96611    0.21457 test error:    0.90362    0.26566 
Epoch= 1725 learning rate   3.125000e-05  train error:    0.96410    0.21455 test error:    0.90459    0.26574 
Epoch= 1730 learning rate   3.125000e-05  train error:    0.96962    0.21451 test error:    0.90554    0.26565 
Epoch= 1735 learning rate   3.125000e-05  train error:    0.96533    0.21453 test error:    0.90575    0.26565 
Epoch= 1740 learning rate   3.125000e-05  train error:    0.96362    0.21453 test error:    0.90296    0.26571 
Epoch= 1745 learning rate   3.125000e-05  train error:    0.96409    0.21451 test error:    0.90651    0.26575 
Epoch= 1750 learning rate   3.125000e-05  train error:    0.96102    0.21450 test error:    0.90305    0.26585 
Epoch= 1755 learning rate   3.125000e-05  train error:    0.96234    0.21450 test error:    0.90164    0.26583 
Epoch= 1760 learning rate   3.125000e-05  train error:    0.96024    0.21451 test error:    0.90175    0.26581 
Epoch= 1765 learning rate   3.125000e-05  train error:    0.96382    0.21448 test error:    0.90566    0.26576 
Epoch= 1770 learning rate   3.125000e-05  train error:    0.96243    0.21446 test error:    0.90236    0.26586 
Epoch= 1775 learning rate   3.125000e-05  train error:    0.96321    0.21445 test error:    0.90126    0.26586 
Epoch= 1780 learning rate   3.125000e-05  train error:    0.96394    0.21443 test error:    0.90220    0.26583 
Epoch= 1785 learning rate   3.125000e-05  train error:    0.96189    0.21443 test error:    0.90395    0.26589 
Epoch= 1790 learning rate   3.125000e-05  train error:    0.96244    0.21438 test error:    0.90072    0.26598 
Epoch= 1795 learning rate   3.125000e-05  train error:    0.96356    0.21443 test error:    0.90298    0.26599 
Epoch= 1800 learning rate   3.125000e-05  train error:    0.96232    0.21441 test error:    0.90012    0.26599 
Epoch= 1805 learning rate   3.125000e-05  train error:    0.96068    0.21437 test error:    0.89982    0.26593 
Epoch= 1810 learning rate   3.125000e-05  train error:    0.95884    0.21438 test error:    0.89876    0.26600 
Epoch= 1815 learning rate   3.125000e-05  train error:    0.96379    0.21437 test error:    0.89952    0.26613 
Epoch= 1820 learning rate   3.125000e-05  train error:    0.96464    0.21436 test error:    0.89907    0.26612 
Epoch= 1825 learning rate   3.125000e-05  train error:    0.96330    0.21435 test error:    0.89962    0.26609 
Epoch= 1830 learning rate   3.125000e-05  train error:    0.96368    0.21434 test error:    0.90228    0.26617 
Epoch= 1835 learning rate   3.125000e-05  train error:    0.96202    0.21432 test error:    0.89806    0.26620 
Epoch= 1840 learning rate   3.125000e-05  train error:    0.96319    0.21431 test error:    0.89761    0.26612 
Epoch= 1845 learning rate   3.125000e-05  train error:    0.95775    0.21429 test error:    0.89748    0.26617 
Epoch= 1850 learning rate   3.125000e-05  train error:    0.95919    0.21428 test error:    0.89771    0.26620 
Epoch= 1855 learning rate   3.125000e-05  train error:    0.95928    0.21428 test error:    0.89757    0.26614 
Epoch= 1860 learning rate   3.125000e-05  train error:    0.96142    0.21427 test error:    0.89689    0.26617 
Epoch= 1865 learning rate   3.125000e-05  train error:    0.96028    0.21429 test error:    0.89930    0.26623 
Epoch= 1870 learning rate   3.125000e-05  train error:    0.95939    0.21424 test error:    0.89660    0.26624 
Epoch= 1875 learning rate   3.125000e-05  train error:    0.95850    0.21424 test error:    0.89557    0.26635 
Epoch= 1880 learning rate   3.125000e-05  train error:    0.96037    0.21424 test error:    0.89848    0.26628 
Epoch= 1885 learning rate   3.125000e-05  train error:    0.95585    0.21424 test error:    0.89676    0.26632 
Epoch= 1890 learning rate   3.125000e-05  train error:    0.96139    0.21419 test error:    0.89783    0.26634 
Epoch= 1895 learning rate   3.125000e-05  train error:    0.95626    0.21419 test error:    0.89501    0.26633 
Epoch= 1900 learning rate   3.125000e-05  train error:    0.95704    0.21420 test error:    0.89868    0.26638 
Epoch= 1905 learning rate   3.125000e-05  train error:    0.95514    0.21418 test error:    0.89858    0.26645 
Epoch= 1910 learning rate   3.125000e-05  train error:    0.96062    0.21416 test error:    0.89960    0.26649 
Epoch= 1915 learning rate   3.125000e-05  train error:    0.95529    0.21418 test error:    0.89433    0.26650 
Epoch= 1920 learning rate   3.125000e-05  train error:    0.95324    0.21416 test error:    0.89791    0.26646 
Epoch= 1925 learning rate   3.125000e-05  train error:    0.95841    0.21414 test error:    0.89493    0.26641 
Epoch= 1930 learning rate   3.125000e-05  train error:    0.95546    0.21411 test error:    0.89769    0.26645 
Epoch= 1935 learning rate   3.125000e-05  train error:    0.95495    0.21408 test error:    0.89926    0.26653 
Epoch= 1940 learning rate   3.125000e-05  train error:    0.95836    0.21410 test error:    0.89466    0.26656 
Epoch= 1945 learning rate   3.125000e-05  train error:    0.95458    0.21409 test error:    0.89568    0.26660 
Epoch= 1950 learning rate   3.125000e-05  train error:    0.95724    0.21410 test error:    0.89665    0.26661 
Epoch= 1955 learning rate   3.125000e-05  train error:    0.95642    0.21406 test error:    0.89647    0.26657 
Epoch= 1960 learning rate   3.125000e-05  train error:    0.95709    0.21407 test error:    0.89376    0.26660 
Epoch= 1965 learning rate   3.125000e-05  train error:    0.95567    0.21405 test error:    0.89358    0.26667 
Epoch= 1970 learning rate   3.125000e-05  train error:    0.95363    0.21405 test error:    0.89440    0.26667 
Epoch= 1975 learning rate   3.125000e-05  train error:    0.95813    0.21404 test error:    0.89488    0.26674 
Epoch= 1980 learning rate   3.125000e-05  train error:    0.95583    0.21399 test error:    0.89121    0.26675 
Epoch= 1985 learning rate   3.125000e-05  train error:    0.95441    0.21404 test error:    0.89129    0.26670 
Epoch= 1990 learning rate   3.125000e-05  train error:    0.95575    0.21401 test error:    0.90016    0.26676 
Epoch= 1995 learning rate   3.125000e-05  train error:    0.95405    0.21399 test error:    0.89338    0.26676 
Epoch= 2000 learning rate   3.125000e-05  train error:    0.95216    0.21401 test error:    0.89314    0.26676 
Epoch= 2005 learning rate   3.125000e-05  train error:    0.95811    0.21400 test error:    0.89164    0.26678 
Epoch= 2010 learning rate   3.125000e-05  train error:    0.95260    0.21398 test error:    0.89185    0.26674 
Epoch= 2015 learning rate   3.125000e-05  train error:    0.95100    0.21397 test error:    0.89166    0.26687 
Epoch= 2020 learning rate   3.125000e-05  train error:    0.94906    0.21395 test error:    0.89296    0.26684 
Epoch= 2025 learning rate   3.125000e-05  train error:    0.95238    0.21393 test error:    0.89249    0.26687 
Epoch= 2030 learning rate   3.125000e-05  train error:    0.95802    0.21392 test error:    0.89161    0.26689 
Epoch= 2035 learning rate   3.125000e-05  train error:    0.95176    0.21391 test error:    0.89215    0.26693 
Epoch= 2040 learning rate   3.125000e-05  train error:    0.95260    0.21390 test error:    0.89017    0.26702 
Epoch= 2045 learning rate   3.125000e-05  train error:    0.95043    0.21389 test error:    0.89503    0.26707 
Epoch= 2050 learning rate   3.125000e-05  train error:    0.95270    0.21388 test error:    0.89027    0.26696 
Epoch= 2055 learning rate   3.125000e-05  train error:    0.95280    0.21387 test error:    0.89116    0.26695 
Epoch= 2060 learning rate   3.125000e-05  train error:    0.95283    0.21386 test error:    0.89057    0.26695 
Epoch= 2065 learning rate   3.125000e-05  train error:    0.95260    0.21387 test error:    0.88943    0.26714 
Epoch= 2070 learning rate   3.125000e-05  train error:    0.94963    0.21385 test error:    0.88996    0.26712 
Epoch= 2075 learning rate   3.125000e-05  train error:    0.95064    0.21382 test error:    0.89040    0.26708 
Epoch= 2080 learning rate   3.125000e-05  train error:    0.95094    0.21383 test error:    0.89002    0.26713 
Epoch= 2085 learning rate   3.125000e-05  train error:    0.94839    0.21384 test error:    0.89003    0.26734 
Epoch= 2090 learning rate   3.125000e-05  train error:    0.95628    0.21379 test error:    0.89019    0.26726 
Epoch= 2095 learning rate   3.125000e-05  train error:    0.94679    0.21380 test error:    0.88898    0.26720 
Epoch= 2100 learning rate   3.125000e-05  train error:    0.95100    0.21379 test error:    0.89166    0.26726 
Epoch= 2105 learning rate   3.125000e-05  train error:    0.95227    0.21378 test error:    0.88919    0.26736 
Epoch= 2110 learning rate   3.125000e-05  train error:    0.95605    0.21377 test error:    0.88859    0.26726 
Epoch= 2115 learning rate   3.125000e-05  train error:    0.95212    0.21378 test error:    0.88950    0.26726 
Epoch= 2120 learning rate   3.125000e-05  train error:    0.95032    0.21377 test error:    0.88878    0.26731 
Epoch= 2125 learning rate   3.125000e-05  train error:    0.94803    0.21372 test error:    0.88821    0.26728 
Epoch= 2130 learning rate   3.125000e-05  train error:    0.95108    0.21372 test error:    0.88978    0.26739 
Epoch= 2135 learning rate   3.125000e-05  train error:    0.94765    0.21370 test error:    0.89203    0.26737 
Epoch= 2140 learning rate   3.125000e-05  train error:    0.95013    0.21372 test error:    0.88861    0.26735 
Epoch= 2145 learning rate   3.125000e-05  train error:    0.95405    0.21369 test error:    0.88735    0.26744 
Epoch= 2150 learning rate   3.125000e-05  train error:    0.94975    0.21369 test error:    0.88842    0.26754 
Epoch= 2155 learning rate   3.125000e-05  train error:    0.94726    0.21367 test error:    0.88788    0.26770 
Epoch= 2160 learning rate   3.125000e-05  train error:    0.94865    0.21368 test error:    0.89088    0.26748 
Epoch= 2165 learning rate   3.125000e-05  train error:    0.94897    0.21367 test error:    0.88847    0.26766 
Epoch= 2170 learning rate   3.125000e-05  train error:    0.95125    0.21366 test error:    0.88829    0.26765 
Epoch= 2175 learning rate   3.125000e-05  train error:    0.94975    0.21364 test error:    0.88851    0.26751 
Epoch= 2180 learning rate   3.125000e-05  train error:    0.94857    0.21363 test error:    0.89096    0.26775 
Epoch= 2185 learning rate   3.125000e-05  train error:    0.94594    0.21364 test error:    0.88879    0.26767 
Epoch= 2190 learning rate   3.125000e-05  train error:    0.95036    0.21360 test error:    0.88784    0.26776 
Epoch= 2195 learning rate   3.125000e-05  train error:    0.94753    0.21359 test error:    0.88717    0.26798 
Epoch= 2200 learning rate   3.125000e-05  train error:    0.94730    0.21359 test error:    0.88928    0.26778 
Epoch= 2205 learning rate   3.125000e-05  train error:    0.94636    0.21357 test error:    0.88612    0.26789 
Epoch= 2210 learning rate   3.125000e-05  train error:    0.95220    0.21359 test error:    0.88720    0.26804 
Epoch= 2215 learning rate   3.125000e-05  train error:    0.94897    0.21356 test error:    0.89043    0.26788 
Epoch= 2220 learning rate   3.125000e-05  train error:    0.94783    0.21359 test error:    0.88906    0.26780 
Epoch= 2225 learning rate   3.125000e-05  train error:    0.95040    0.21354 test error:    0.88734    0.26822 
Epoch= 2230 learning rate   3.125000e-05  train error:    0.94719    0.21353 test error:    0.88805    0.26812 
Epoch= 2235 learning rate   3.125000e-05  train error:    0.94749    0.21354 test error:    0.88645    0.26837 
Epoch= 2240 learning rate   3.125000e-05  train error:    0.94484    0.21351 test error:    0.88712    0.26802 
Epoch= 2245 learning rate   3.125000e-05  train error:    0.94751    0.21352 test error:    0.88564    0.26848 
Epoch= 2250 learning rate   3.125000e-05  train error:    0.94774    0.21349 test error:    0.88714    0.26900 
Epoch= 2255 learning rate   3.125000e-05  train error:    0.94540    0.21353 test error:    0.88611    0.26866 
Epoch= 2260 learning rate   3.125000e-05  train error:    0.94446    0.21348 test error:    0.88664    0.26991 
Epoch= 2265 learning rate   3.125000e-05  train error:    0.94407    0.21350 test error:    0.88583    0.26908 
Epoch= 2270 learning rate   3.125000e-05  train error:    0.94770    0.21346 test error:    0.89066    0.26870 
Epoch= 2275 learning rate   3.125000e-05  train error:    0.94825    0.21341 test error:    0.88931    0.26851 
Epoch= 2280 learning rate   3.125000e-05  train error:    0.95004    0.21344 test error:    0.88925    0.26869 
Epoch= 2285 learning rate   3.125000e-05  train error:    0.94671    0.21342 test error:    0.89008    0.26908 
Epoch= 2290 learning rate   3.125000e-05  train error:    0.94654    0.21341 test error:    0.88959    0.26919 
Epoch= 2295 learning rate   3.125000e-05  train error:    0.94724    0.21339 test error:    0.88497    0.26903 
Epoch= 2300 learning rate   3.125000e-05  train error:    0.94433    0.21341 test error:    0.88546    0.27006 
Epoch= 2305 learning rate   3.125000e-05  train error:    0.94315    0.21339 test error:    0.88559    0.26868 
Epoch= 2310 learning rate   3.125000e-05  train error:    0.95145    0.21337 test error:    0.88716    0.26973 
Epoch= 2315 learning rate   3.125000e-05  train error:    0.94631    0.21338 test error:    0.88786    0.27058 
Epoch= 2320 learning rate   3.125000e-05  train error:    0.94441    0.21336 test error:    0.88496    0.27099 
Epoch= 2325 learning rate   3.125000e-05  train error:    0.94294    0.21336 test error:    0.88498    0.26974 
Epoch= 2330 learning rate   3.125000e-05  train error:    0.94992    0.21333 test error:    0.88417    0.27193 
Epoch= 2335 learning rate   3.125000e-05  train error:    0.94583    0.21332 test error:    0.88625    0.27091 
Epoch= 2340 learning rate   3.125000e-05  train error:    0.94719    0.21331 test error:    0.88331    0.27019 
Epoch= 2345 learning rate   3.125000e-05  train error:    0.94352    0.21328 test error:    0.88523    0.27055 
Epoch= 2350 learning rate   1.562500e-05  train error:    0.91670    0.21294 test error:    0.86534    0.27312 
Epoch= 2355 learning rate   1.562500e-05  train error:    0.91489    0.21296 test error:    0.85992    0.27174 
Epoch= 2360 learning rate   1.562500e-05  train error:    0.91054    0.21298 test error:    0.85778    0.27201 
Epoch= 2365 learning rate   1.562500e-05  train error:    0.90749    0.21298 test error:    0.85678    0.27225 
Epoch= 2370 learning rate   1.562500e-05  train error:    0.90959    0.21298 test error:    0.85441    0.27443 
Epoch= 2375 learning rate   1.562500e-05  train error:    0.90844    0.21296 test error:    0.85396    0.27475 
Epoch= 2380 learning rate   1.562500e-05  train error:    0.90763    0.21296 test error:    0.85370    0.27332 
Epoch= 2385 learning rate   1.562500e-05  train error:    0.90732    0.21297 test error:    0.85377    0.27370 
Epoch= 2390 learning rate   1.562500e-05  train error:    0.90530    0.21298 test error:    0.85271    0.27363 
Epoch= 2395 learning rate   1.562500e-05  train error:    0.90434    0.21296 test error:    0.85131    0.27603 
Epoch= 2400 learning rate   1.562500e-05  train error:    0.90537    0.21296 test error:    0.84951    0.27410 
Epoch= 2405 learning rate   1.562500e-05  train error:    0.90506    0.21297 test error:    0.84871    0.27305 
Epoch= 2410 learning rate   1.562500e-05  train error:    0.90536    0.21293 test error:    0.85038    0.27460 
Epoch= 2415 learning rate   1.562500e-05  train error:    0.90705    0.21293 test error:    0.84873    0.27572 
Epoch= 2420 learning rate   1.562500e-05  train error:    0.90848    0.21293 test error:    0.84790    0.27572 
Epoch= 2425 learning rate   1.562500e-05  train error:    0.90749    0.21294 test error:    0.84771    0.27328 
Epoch= 2430 learning rate   1.562500e-05  train error:    0.90582    0.21293 test error:    0.84716    0.27594 
Epoch= 2435 learning rate   1.562500e-05  train error:    0.90545    0.21293 test error:    0.84768    0.27510 
Epoch= 2440 learning rate   1.562500e-05  train error:    0.90462    0.21293 test error:    0.85598    0.27614 
Epoch= 2445 learning rate   1.562500e-05  train error:    0.90275    0.21292 test error:    0.85101    0.27489 
Epoch= 2450 learning rate   1.562500e-05  train error:    0.90487    0.21291 test error:    0.85043    0.27609 
Epoch= 2455 learning rate   1.562500e-05  train error:    0.90545    0.21291 test error:    0.84973    0.27480 
Epoch= 2460 learning rate   1.562500e-05  train error:    0.90380    0.21288 test error:    0.84801    0.27356 
Epoch= 2465 learning rate   1.562500e-05  train error:    0.90020    0.21290 test error:    0.84626    0.27568 
Epoch= 2470 learning rate   1.562500e-05  train error:    0.89960    0.21289 test error:    0.84566    0.27323 
Epoch= 2475 learning rate   1.562500e-05  train error:    0.90174    0.21287 test error:    0.84744    0.27291 
Epoch= 2480 learning rate   1.562500e-05  train error:    0.90243    0.21287 test error:    0.84907    0.27519 
Epoch= 2485 learning rate   1.562500e-05  train error:    0.90203    0.21289 test error:    0.84851    0.27224 
Epoch= 2490 learning rate   1.562500e-05  train error:    0.90175    0.21287 test error:    0.84617    0.27655 
Epoch= 2495 learning rate   1.562500e-05  train error:    0.90232    0.21288 test error:    0.84594    0.27608 
Epoch= 2500 learning rate   1.562500e-05  train error:    0.90076    0.21287 test error:    0.84539    0.28290 
Epoch= 2505 learning rate   1.562500e-05  train error:    0.89863    0.21286 test error:    0.84632    0.28036 
Epoch= 2510 learning rate   1.562500e-05  train error:    0.90099    0.21287 test error:    0.84550    0.27545 
Epoch= 2515 learning rate   1.562500e-05  train error:    0.89947    0.21285 test error:    0.84633    0.27633 
Epoch= 2520 learning rate   1.562500e-05  train error:    0.89903    0.21285 test error:    0.84688    0.27646 
Epoch= 2525 learning rate   1.562500e-05  train error:    0.90002    0.21285 test error:    0.84431    0.27829 
Epoch= 2530 learning rate   7.812500e-06  train error:    0.88244    0.21267 test error:    0.83488    0.27859 
Epoch= 2535 learning rate   7.812500e-06  train error:    0.88129    0.21269 test error:    0.83095    0.27896 
Epoch= 2540 learning rate   7.812500e-06  train error:    0.88033    0.21270 test error:    0.83007    0.27760 
Epoch= 2545 learning rate   7.812500e-06  train error:    0.88140    0.21270 test error:    0.82666    0.27963 
Epoch= 2550 learning rate   7.812500e-06  train error:    0.88076    0.21268 test error:    0.82688    0.27906 
Epoch= 2555 learning rate   7.812500e-06  train error:    0.88216    0.21269 test error:    0.82560    0.28010 
Epoch= 2560 learning rate   7.812500e-06  train error:    0.88021    0.21269 test error:    0.82476    0.28018 
Epoch= 2565 learning rate   7.812500e-06  train error:    0.87942    0.21270 test error:    0.82434    0.27889 
Epoch= 2570 learning rate   7.812500e-06  train error:    0.87912    0.21270 test error:    0.82453    0.28068 
Epoch= 2575 learning rate   7.812500e-06  train error:    0.87770    0.21270 test error:    0.82377    0.27970 
Epoch= 2580 learning rate   7.812500e-06  train error:    0.87667    0.21268 test error:    0.82359    0.27982 
Epoch= 2585 learning rate   7.812500e-06  train error:    0.87602    0.21269 test error:    0.82363    0.28157 
Epoch= 2590 learning rate   7.812500e-06  train error:    0.87736    0.21269 test error:    0.82317    0.27892 
Epoch= 2595 learning rate   7.812500e-06  train error:    0.87592    0.21268 test error:    0.82463    0.27908 
Epoch= 2600 learning rate   7.812500e-06  train error:    0.87624    0.21269 test error:    0.82221    0.27769 
Epoch= 2605 learning rate   7.812500e-06  train error:    0.87481    0.21269 test error:    0.82179    0.27933 
Epoch= 2610 learning rate   7.812500e-06  train error:    0.87565    0.21268 test error:    0.82322    0.27996 
Epoch= 2615 learning rate   7.812500e-06  train error:    0.87287    0.21269 test error:    0.82439    0.27884 
Epoch= 2620 learning rate   7.812500e-06  train error:    0.87572    0.21268 test error:    0.82333    0.28109 
Epoch= 2625 learning rate   7.812500e-06  train error:    0.87340    0.21268 test error:    0.82346    0.28104 
Epoch= 2630 learning rate   7.812500e-06  train error:    0.87344    0.21267 test error:    0.82455    0.28087 
Epoch= 2635 learning rate   7.812500e-06  train error:    0.87202    0.21268 test error:    0.82277    0.28049 
Epoch= 2640 learning rate   7.812500e-06  train error:    0.87221    0.21266 test error:    0.82258    0.28140 
Epoch= 2645 learning rate   3.906250e-06  train error:    0.86348    0.21260 test error:    0.81869    0.28049 
Epoch= 2650 learning rate   3.906250e-06  train error:    0.86341    0.21260 test error:    0.81524    0.28046 
Epoch= 2655 learning rate   3.906250e-06  train error:    0.86220    0.21261 test error:    0.81358    0.27970 
Epoch= 2660 learning rate   3.906250e-06  train error:    0.86080    0.21262 test error:    0.81238    0.27974 
Epoch= 2665 learning rate   3.906250e-06  train error:    0.86112    0.21262 test error:    0.81226    0.28073 
Epoch= 2670 learning rate   3.906250e-06  train error:    0.86030    0.21262 test error:    0.81277    0.28158 
Epoch= 2675 learning rate   3.906250e-06  train error:    0.85934    0.21262 test error:    0.81226    0.28030 
Epoch= 2680 learning rate   3.906250e-06  train error:    0.85854    0.21262 test error:    0.81217    0.28011 
Epoch= 2685 learning rate   3.906250e-06  train error:    0.85906    0.21263 test error:    0.81107    0.27978 
Epoch= 2690 learning rate   3.906250e-06  train error:    0.85976    0.21261 test error:    0.81087    0.28027 
Epoch= 2695 learning rate   3.906250e-06  train error:    0.85914    0.21262 test error:    0.81103    0.28084 
Epoch= 2700 learning rate   3.906250e-06  train error:    0.85844    0.21262 test error:    0.80970    0.27972 
Epoch= 2705 learning rate   3.906250e-06  train error:    0.85743    0.21262 test error:    0.80843    0.28240 
Epoch= 2710 learning rate   3.906250e-06  train error:    0.85823    0.21262 test error:    0.80913    0.28250 
Epoch= 2715 learning rate   3.906250e-06  train error:    0.85841    0.21262 test error:    0.80828    0.28195 
Epoch= 2720 learning rate   3.906250e-06  train error:    0.85769    0.21262 test error:    0.80888    0.28152 
Epoch= 2725 learning rate   3.906250e-06  train error:    0.85760    0.21261 test error:    0.80816    0.28260 
Epoch= 2730 learning rate   3.906250e-06  train error:    0.85737    0.21262 test error:    0.80768    0.28075 
Epoch= 2735 learning rate   3.906250e-06  train error:    0.85710    0.21262 test error:    0.80769    0.28064 
Epoch= 2740 learning rate   3.906250e-06  train error:    0.85753    0.21262 test error:    0.80741    0.28072 
Epoch= 2745 learning rate   3.906250e-06  train error:    0.85558    0.21262 test error:    0.80794    0.28282 
Epoch= 2750 learning rate   3.906250e-06  train error:    0.85624    0.21262 test error:    0.80856    0.28380 
Epoch= 2755 learning rate   3.906250e-06  train error:    0.85574    0.21263 test error:    0.80860    0.27981 
Epoch= 2760 learning rate   3.906250e-06  train error:    0.85704    0.21261 test error:    0.81058    0.28153 
Epoch= 2765 learning rate   3.906250e-06  train error:    0.85542    0.21262 test error:    0.81084    0.28377 
Epoch= 2770 learning rate   3.906250e-06  train error:    0.85505    0.21261 test error:    0.81149    0.28223 
Epoch= 2775 learning rate   3.906250e-06  train error:    0.85517    0.21261 test error:    0.81193    0.28162 
Epoch= 2780 learning rate   3.906250e-06  train error:    0.85543    0.21261 test error:    0.81041    0.28289 
Epoch= 2785 learning rate   3.906250e-06  train error:    0.85546    0.21261 test error:    0.81067    0.28384 
Epoch= 2790 learning rate   3.906250e-06  train error:    0.85564    0.21262 test error:    0.81024    0.28336 
Epoch= 2795 learning rate   3.906250e-06  train error:    0.85542    0.21262 test error:    0.80794    0.28370 
Epoch= 2800 learning rate   3.906250e-06  train error:    0.85468    0.21262 test error:    0.80901    0.28238 
Epoch= 2805 learning rate   3.906250e-06  train error:    0.85567    0.21262 test error:    0.80931    0.28485 
Epoch= 2810 learning rate   3.906250e-06  train error:    0.85578    0.21260 test error:    0.80976    0.28425 
Epoch= 2815 learning rate   3.906250e-06  train error:    0.85535    0.21261 test error:    0.81037    0.28247 
Epoch= 2820 learning rate   3.906250e-06  train error:    0.85532    0.21260 test error:    0.80904    0.28402 
Epoch= 2825 learning rate   3.906250e-06  train error:    0.85484    0.21261 test error:    0.80952    0.28546 
Epoch= 2830 learning rate   3.906250e-06  train error:    0.85509    0.21261 test error:    0.81013    0.28566 
Epoch= 2835 learning rate   3.906250e-06  train error:    0.85242    0.21261 test error:    0.81015    0.28505 
Epoch= 2840 learning rate   3.906250e-06  train error:    0.85430    0.21260 test error:    0.80971    0.28473 
Epoch= 2845 learning rate   3.906250e-06  train error:    0.85224    0.21260 test error:    0.81001    0.28599 
Epoch= 2850 learning rate   3.906250e-06  train error:    0.85394    0.21260 test error:    0.81002    0.28346 
Epoch= 2855 learning rate   3.906250e-06  train error:    0.85358    0.21260 test error:    0.80915    0.28297 
Epoch= 2860 learning rate   3.906250e-06  train error:    0.85354    0.21260 test error:    0.81072    0.28460 
Epoch= 2865 learning rate   1.953125e-06  train error:    0.84923    0.21257 test error:    0.80761    0.28414 
Epoch= 2870 learning rate   1.953125e-06  train error:    0.84875    0.21257 test error:    0.80661    0.28443 
Epoch= 2875 learning rate   1.953125e-06  train error:    0.84779    0.21257 test error:    0.80191    0.28434 
Epoch= 2880 learning rate   1.953125e-06  train error:    0.84732    0.21257 test error:    0.80080    0.28489 
Epoch= 2885 learning rate   1.953125e-06  train error:    0.84783    0.21258 test error:    0.80062    0.28564 
Epoch= 2890 learning rate   1.953125e-06  train error:    0.84777    0.21258 test error:    0.79976    0.28467 
Epoch= 2895 learning rate   1.953125e-06  train error:    0.84676    0.21258 test error:    0.79933    0.28513 
Epoch= 2900 learning rate   1.953125e-06  train error:    0.84729    0.21258 test error:    0.79999    0.28499 
Epoch= 2905 learning rate   1.953125e-06  train error:    0.84641    0.21258 test error:    0.79937    0.28349 
Epoch= 2910 learning rate   1.953125e-06  train error:    0.84650    0.21257 test error:    0.79936    0.28231 
Epoch= 2915 learning rate   1.953125e-06  train error:    0.84622    0.21258 test error:    0.79970    0.28451 
Epoch= 2920 learning rate   1.953125e-06  train error:    0.84621    0.21258 test error:    0.79942    0.28412 
Epoch= 2925 learning rate   1.953125e-06  train error:    0.84653    0.21258 test error:    0.79948    0.28280 
Epoch= 2930 learning rate   1.953125e-06  train error:    0.84704    0.21258 test error:    0.79899    0.28619 
Epoch= 2935 learning rate   1.953125e-06  train error:    0.84563    0.21259 test error:    0.79960    0.28482 
Epoch= 2940 learning rate   1.953125e-06  train error:    0.84628    0.21258 test error:    0.79920    0.28516 
Epoch= 2945 learning rate   1.953125e-06  train error:    0.84478    0.21259 test error:    0.79892    0.28554 
Epoch= 2950 learning rate   1.953125e-06  train error:    0.84520    0.21258 test error:    0.79826    0.28502 
Epoch= 2955 learning rate   1.953125e-06  train error:    0.84456    0.21258 test error:    0.79895    0.28693 
Epoch= 2960 learning rate   1.953125e-06  train error:    0.84368    0.21258 test error:    0.79899    0.28516 
Epoch= 2965 learning rate   1.953125e-06  train error:    0.84536    0.21258 test error:    0.79931    0.28348 
Epoch= 2970 learning rate   1.953125e-06  train error:    0.84512    0.21258 test error:    0.79891    0.28454 
Epoch= 2975 learning rate   1.953125e-06  train error:    0.84435    0.21258 test error:    0.79910    0.28389 
2025-11-21-11_41_06 
terminated normal
